[delda-rian.webnikah.com/index.html]
[delda-rian.webnikah.com/template/nikah-bunga/js/jquery.js]
[backblue.gif]
[fade.gif]
[index.html]
[delda-rian.webnikah.com/medias/audio/member-222458-20230704122028.mp3]
[delda-rian.webnikah.com/dirmember/00000023/azhary_disini/slide-222458-158245-l-202307041154.jpg]
[delda-rian.webnikah.com/template/nikah-bunga/assets/img/ataskiri.png]
[delda-rian.webnikah.com/template/nikah-bunga/assets/img/ataskanan.png]
[delda-rian.webnikah.com/template/nikah-bunga/assets/img/kiribawah.png]
[delda-rian.webnikah.com/template/nikah-bunga/assets/img/kananbawah.png]
[delda-rian.webnikah.com/template/nikah-bunga/assets/img/aksen.png]
[delda-rian.webnikah.com/dirmember/00000023/azhary_disini/wanita-222458-230701111442-l.jpg]
[delda-rian.webnikah.com/dirmember/00000023/azhary_disini/pria-222458-230701111402-l.jpg]
[delda-rian.webnikah.com/dirmember/00000023/azhary_disini/cerita-222458-69721-20230704122456.jpg]
[delda-rian.webnikah.com/template/nikah-bunga/assets/img/ornaments.png]
[delda-rian.webnikah.com/dirmember/00000023/azhary_disini/cerita-222458-69722-20230704122653.jpg]
[delda-rian.webnikah.com/dirmember/00000023/azhary_disini/cerita-222458-69884-20230704123056.jpg]
[delda-rian.webnikah.com/dirmember/00000023/azhary_disini/photo-222458-265744-l-202307011117.jpg]
[delda-rian.webnikah.com/dirmember/00000023/azhary_disini/photo-222458-265745-l-202307011117.jpg]
[delda-rian.webnikah.com/dirmember/00000023/azhary_disini/photo-222458-266816-l-202307041151.jpg]
[delda-rian.webnikah.com/dirmember/00000023/azhary_disini/photo-222458-266846-l-202307041236.jpg]
[delda-rian.webnikah.com/template/nikah-bunga/assets/img/97.png]
[delda-rian.webnikah.com/template/nikah-bunga/assets/img/98.png]
[delda-rian.webnikah.com/template/nikah-bunga/assets/img/99.png]
[delda-rian.webnikah.com/template/nikah-bunga/js/bootstrap.bundle.min.js]
[delda-rian.webnikah.com/template/nikah-bunga/js/aos.js]
[delda-rian.webnikah.com/index.html]
[delda-rian.webnikah.com/template/nikah-bunga/assets/fontawesome-pro/fonts/fa-brands-400.eot]
[delda-rian.webnikah.com/template/nikah-bunga/assets/fontawesome-pro/fonts/fa-brands-400d41d.eot]
[delda-rian.webnikah.com/template/nikah-bunga/assets/fontawesome-pro/fonts/fa-brands-400.woff2]
[delda-rian.webnikah.com/template/nikah-bunga/assets/fontawesome-pro/fonts/fa-brands-400.woff]
[delda-rian.webnikah.com/template/nikah-bunga/assets/fontawesome-pro/fonts/fa-brands-400.ttf]
[delda-rian.webnikah.com/template/nikah-bunga/assets/fontawesome-pro/fonts/fa-light-300.eot]
[delda-rian.webnikah.com/template/nikah-bunga/assets/fontawesome-pro/fonts/fa-light-300d41d.eot]
[delda-rian.webnikah.com/template/nikah-bunga/assets/fontawesome-pro/fonts/fa-light-300.woff2]
[delda-rian.webnikah.com/template/nikah-bunga/assets/fontawesome-pro/fonts/fa-light-300.woff]
[delda-rian.webnikah.com/template/nikah-bunga/assets/fontawesome-pro/fonts/fa-light-300.ttf]
[delda-rian.webnikah.com/template/nikah-bunga/assets/fontawesome-pro/fonts/fa-regular-400.eot]
[delda-rian.webnikah.com/template/nikah-bunga/assets/fontawesome-pro/fonts/fa-regular-400d41d.eot]
[delda-rian.webnikah.com/template/nikah-bunga/assets/fontawesome-pro/fonts/fa-regular-400.woff2]
[delda-rian.webnikah.com/template/nikah-bunga/assets/fontawesome-pro/fonts/fa-regular-400.woff]
[delda-rian.webnikah.com/template/nikah-bunga/assets/fontawesome-pro/fonts/fa-regular-400.ttf]
[delda-rian.webnikah.com/template/nikah-bunga/assets/fontawesome-pro/fonts/fa-solid-900.eot]
[delda-rian.webnikah.com/template/nikah-bunga/assets/fontawesome-pro/fonts/fa-solid-900d41d.eot]
[delda-rian.webnikah.com/template/nikah-bunga/assets/fontawesome-pro/fonts/fa-solid-900.woff2]
[delda-rian.webnikah.com/template/nikah-bunga/assets/fontawesome-pro/fonts/fa-solid-900.woff]
[delda-rian.webnikah.com/template/nikah-bunga/assets/fontawesome-pro/fonts/fa-solid-900.ttf]
[delda-rian.webnikah.com/template/nikah-bunga/assets/fontawesome-pro/css/font-awesome.min.css]
[delda-rian.webnikah.com/template/nikah-bunga/css/bootstrap.min.css]
[delda-rian.webnikah.com/template/nikah-bunga/css/aos.css]
[delda-rian.webnikah.com/template/nikah-bunga/css/main.css]
[delda-rian.webnikah.com/template/nikah-bunga/js/main.js]
[delda-rian.webnikah.com/template/nikah-bunga/assets/fontawesome-pro/fonts/fa-brands-400.svg]
[delda-rian.webnikah.com/template/nikah-bunga/assets/fontawesome-pro/fonts/fa-light-300.svg]
[delda-rian.webnikah.com/template/nikah-bunga/assets/fontawesome-pro/fonts/fa-regular-400.svg]
[delda-rian.webnikah.com/template/nikah-bunga/assets/fontawesome-pro/fonts/fa-solid-900.svg]
[delda-rian.webnikah.com/template/nikah-bunga/fonts/graphik-regular.html]
[delda-rian.webnikah.com/template/nikah-bunga/fonts/graphik-regular.woff2]
[delda-rian.webnikah.com/template/nikah-bunga/fonts/graphik-regular.woff]
[delda-rian.webnikah.com/template/nikah-bunga/fonts/graphik-regular.ttf]
[delda-rian.webnikah.com/template/nikah-bunga/fonts/graphik-medium.html]
[delda-rian.webnikah.com/template/nikah-bunga/fonts/graphik-medium.woff2]
[delda-rian.webnikah.com/template/nikah-bunga/fonts/graphik-medium.woff]
[delda-rian.webnikah.com/template/nikah-bunga/fonts/graphik-medium.ttf]
[delda-rian.webnikah.com/template/nikah-bunga/fonts/graphik-semibold.html]
[delda-rian.webnikah.com/template/nikah-bunga/fonts/graphik-semibold.woff2]
[delda-rian.webnikah.com/template/nikah-bunga/fonts/graphik-semibold.woff]
[delda-rian.webnikah.com/template/nikah-bunga/fonts/graphik-semibold.ttf]
[delda-rian.webnikah.com/template/nikah-bunga/css/graphik.css]
[delda-rian.webnikah.com/template/nikah-bunga/fonts/graphik-regular.html]
[delda-rian.webnikah.com/template/nikah-bunga/fonts/graphik-regular.svg]
[delda-rian.webnikah.com/dirmember/00000023/azhary_disini/slide-222458-158244-l-202307041144.jpg]
[delda-rian.webnikah.com/template/nikah-bunga/fonts/graphik-medium.html]
[delda-rian.webnikah.com/template/nikah-bunga/fonts/graphik-medium.svg]
[delda-rian.webnikah.com/template/nikah-bunga/fonts/graphik-semibold.html]
[delda-rian.webnikah.com/template/nikah-bunga/fonts/graphik-semibold.svg]
